// Jest Snapshot v1, https://goo.gl/fbAQLP

exports[`EmojiPicker should render 1`] = `<div />`;
